Microsoft (R) Macro Assembler Version 14.00.24210.0	    12/27/16 22:58:18
holloos.asm						     Page 1 - 1



					DB	0xeb, 0x4e, 0x90, 0x48, 0x45, 0x4c, 0x4c, 0x4f
holloos.asm(1) : error A2034:must be in segment block
					DB	0x49, 0x50, 0x4c, 0x00, 0x02, 0x01, 0x01, 0x00
holloos.asm(2) : error A2034:must be in segment block
					DB	0x02, 0xe0, 0x00, 0x40, 0x0b, 0xf0, 0x09, 0x00
holloos.asm(3) : error A2034:must be in segment block
					DB	0x12, 0x00, 0x02, 0x00, 0x00, 0x00, 0x00, 0x00
holloos.asm(4) : error A2034:must be in segment block
					DB	0x40, 0x0b, 0x00, 0x00, 0x00, 0x00, 0x29, 0xff
holloos.asm(5) : error A2034:must be in segment block
					DB	0xff, 0xff, 0xff, 0x48, 0x45, 0x4c, 0x4c, 0x4f
holloos.asm(6) : error A2034:must be in segment block
					DB	0x2d, 0x4f, 0x53, 0x20, 0x20, 0x20, 0x46, 0x41
holloos.asm(7) : error A2034:must be in segment block
					DB	0x54, 0x31, 0x32, 0x20, 0x20, 0x20, 0x00, 0x00
holloos.asm(8) : error A2034:must be in segment block
					RESB	16
holloos.asm(9) : error A2008:syntax error : RESB
					DB	0xb8, 0x00, 0x00, 0x8e, 0xd0, 0xbc, 0x00, 0x7c
holloos.asm(10) : error A2034:must be in segment block
					DB	0x8e, 0xd8, 0x8e, 0xc0, 0xbe, 0x74, 0x7c, 0x8a
holloos.asm(11) : error A2034:must be in segment block
					DB	0x04, 0x83, 0xc6, 0x01, 0x3c, 0x00, 0x74, 0x09
holloos.asm(12) : error A2034:must be in segment block
					DB	0xb4, 0x0e, 0xbb, 0x0f, 0x00, 0xcd, 0x10, 0xeb
holloos.asm(13) : error A2034:must be in segment block
					DB	0xee, 0xf4, 0xeb, 0xfd, 0x0a, 0x0a, 0x68, 0x65
holloos.asm(14) : error A2034:must be in segment block
					DB	0x6c, 0x6c, 0x6f, 0x2c, 0x20, 0x77, 0x6f, 0x72
holloos.asm(15) : error A2034:must be in segment block
					DB	0x6c, 0x64, 0x0a, 0x00, 0x00, 0x00, 0x00, 0x00
holloos.asm(16) : error A2034:must be in segment block
					RESB	368
holloos.asm(17) : error A2008:syntax error : RESB
					DB	0x00, 0x00, 0x00, 0x00, 0x00, 0x00, 0x55, 0xaa
holloos.asm(18) : error A2034:must be in segment block
					DB	0xf0, 0xff, 0xff, 0x00, 0x00, 0x00, 0x00, 0x00
holloos.asm(19) : error A2034:must be in segment block
					RESB	4600
holloos.asm(20) : error A2008:syntax error : RESB
					DB	0xf0, 0xff, 0xff, 0x00, 0x00, 0x00, 0x00, 0x00
holloos.asm(21) : error A2034:must be in segment block
					RESB	1469432
holloos.asm(22) : error A2008:syntax error : RESB
holloos.asm(22) : error A2088:END directive required at end of file
Microsoft (R) Macro Assembler Version 14.00.24210.0	    12/27/16 22:58:18
holloos.asm						     Symbols 2 - 1



	   0 Warnings
	   23 Errors
